<!DOCTYPE html>
<html>
<head>
    <title>Test</title>
    <link rel="stylesheet" href="test.84b6cd3d11e54bb8da24e6730ab64c98.css" />
</head>
<body>
    <a href="logo.0f278ffd46a4687731ccad34403db8f9.png"><img src="logo.0f278ffd46a4687731ccad34403db8f9.png" /></a>
</body>
</html>