<!DOCTYPE html>
<html>
<head>
    <title>Test</title>
    <link rel="stylesheet" href="//mycdn.com/files/styles/test.3737bcbcc44c7f9ef9c7165a6bb6e45c.css" />
</head>
<body>
    <div class="logo"></div>
</body>
</html>
