{"html/test.html":{"newName":"html/test.cae859d5fbde23da957f07883857d6b9.html","height":2,"size":218,"dependencies":["styles/test.css"]},"styles/test.css":{"newName":"styles/test.3737bcbcc44c7f9ef9c7165a6bb6e45c.css","height":1,"size":98,"dependencies":["images/logo.png"]},"images/logo.png":{"newName":"images/logo.0f278ffd46a4687731ccad34403db8f9.png","height":0,"size":1577,"dependencies":[]},"js/test.js":{"newName":"js/test.63d6e105e2e8b735a8c42b5cc96607bf.js","height":2,"size":258,"dependencies":["styles/test.css","images/logo.png"]}}