{"external.html":{"newName":"external.7cd6384e1bb3885ede04bc7ef7d87c1b.html","height":0,"size":81,"dependencies":[]},"logo.png":{"newName":"logo.0f278ffd46a4687731ccad34403db8f9.png","height":0,"size":1577,"dependencies":[]},"test.css":{"newName":"test.84b6cd3d11e54bb8da24e6730ab64c98.css","height":1,"size":148,"dependencies":["logo.png"]},"test.html":{"newName":"test.2cf007ff23e7b3dc8df55e05949abb83.html","height":3,"size":348,"dependencies":["test.css","logo.png","test.js"]},"test.js":{"newName":"test.cc01729f517ff39cfb928546ee06f184.js","height":2,"size":159,"dependencies":["test.css","logo.png","external.html"]}}