<!DOCTYPE html>
<html>
<head>
    <title>Test</title>
    <link rel="stylesheet" href="../styles/test.293101dfbe1fcd39bcc252c94a870365.css" />
</head>
<body>
    <div class="logo"></div>
</body>
</html>
