{"external.html":{"newName":"external.7cd6384e1bb3885ede04bc7ef7d87c1b.html","height":0,"size":81,"dependencies":[]},"logo.png":{"newName":"logo.0f278ffd46a4687731ccad34403db8f9.png","height":0,"size":1577,"dependencies":[]},"test.css":{"newName":"test.css","height":1,"size":148,"dependencies":["logo.png"]},"test.html":{"newName":"test.html","height":3,"size":315,"dependencies":["test.css","logo.png","test.js"]},"test.js":{"newName":"test.f7ea418b32c0cc27e550d3373796660d.js","height":2,"size":126,"dependencies":["test.css","logo.png","external.html"]}}