<!DOCTYPE html>
<html>
<head>
    <title>Test</title>
    <link rel="stylesheet" href="test.css" />
</head>
<body>
    <a href="logo.0f278ffd46a4687731ccad34403db8f9.png"><img src="logo.0f278ffd46a4687731ccad34403db8f9.png" /></a>
    <script src="test.f7ea418b32c0cc27e550d3373796660d.js"></script>
</body>
</html>