{"logo.png":{"newName":"logo.0f278ffd46a4687731ccad34403db8f9.png","height":0,"size":1577,"dependencies":[]},"test.css":{"newName":"test.84b6cd3d11e54bb8da24e6730ab64c98.css","height":1,"size":148,"dependencies":["logo.png"]},"test.html":{"newName":"test.5d55f93d4490529c5edbafd28978e6da.html","height":1,"size":200,"dependencies":["logo.png"]}}