<!DOCTYPE html>
<html>
<head>
    <title>Test</title>
</head>
<body>
    <a href="logo.0f278ffd46a4687731ccad34403db8f9.png"><img src="logo.0f278ffd46a4687731ccad34403db8f9.png" /></a>
</body>
</html>